// Jest Snapshot v1, https://goo.gl/fbAQLP

exports[`Station renders without crashing 1`] = `
<Fragment>
  <span
    className="logo"
  >
    Logo
  </span>
  <div
    className="info"
  >
    <h2>
      title
    </h2>
    <ul>
      <li>
        Regular: $0.00
      </li>
      <li>
        Premium: $0.00
      </li>
      <li>
        Diesel: $0.00
      </li>
    </ul>
    <span>
      Directions
    </span>
  </div>
</Fragment>
`;
