// Jest Snapshot v1, https://goo.gl/fbAQLP

exports[`App renders the starting text 1`] = `
<div>
  <div
    class="App"
  >
    <div
      id="GasPrices"
    >
      <header>
        <h1>
          Gas Prices Near Me
        </h1>
        <article
          class="locationControls"
        >
          <span>
            Find Near Me
          </span>
          <span>
            - or -
          </span>
          <span>
            <input
              placeholder="Enter a zipcode..."
              readonly=""
              type="text"
              value="zipcode"
            />
            <span>
              Find
            </span>
          </span>
        </article>
      </header>
      <article
        class="results"
      >
        <span
          class="logo"
        >
          Logo
        </span>
        <div
          class="info"
        >
          <h2>
            title
          </h2>
          <ul>
            <li>
              Regular: $0.00
            </li>
            <li>
              Premium: $0.00
            </li>
            <li>
              Diesel: $0.00
            </li>
          </ul>
          <span>
            Directions
          </span>
        </div>
      </article>
    </div>
  </div>
</div>
`;
